<?xml version="1.0" encoding="UTF-8" ?>
<testsuites name="vitest tests" tests="6" failures="0" errors="0" time="0.0075984">
    <testsuite name="test/routes/RestapiRouteSurface.test.ts" timestamp="2026-09-17T00:41:23.744Z" hostname="Jane" tests="6" failures="0" errors="0" skipped="0" time="0.0075984">
        <testcase classname="test/routes/RestapiRouteSurface.test.ts" name="restapi route surface &gt; mongo KeyLookupRoute serves keys/trust and keys/resolve under mail/mailboxes" time="0.0029405">
        </testcase>
        <testcase classname="test/routes/RestapiRouteSurface.test.ts" name="restapi route surface &gt; sql KeyLookupRoute serves keys/trust and keys/resolve under mail/mailboxes" time="0.000319">
        </testcase>
        <testcase classname="test/routes/RestapiRouteSurface.test.ts" name="restapi route surface &gt; mongo MessageRoute serves PUT /:id/verification-seal under mail/messages" time="0.0013257">
        </testcase>
        <testcase classname="test/routes/RestapiRouteSurface.test.ts" name="restapi route surface &gt; sql MessageRoute serves PUT /:id/verification-seal under mail/messages" time="0.0005543">
        </testcase>
        <testcase classname="test/routes/RestapiRouteSurface.test.ts" name="restapi route surface &gt; mongo DirectoryRoute serves recipient suggestions under mail/directory" time="0.0003601">
        </testcase>
        <testcase classname="test/routes/RestapiRouteSurface.test.ts" name="restapi route surface &gt; sql DirectoryRoute serves recipient suggestions under mail/directory" time="0.0007363">
        </testcase>
    </testsuite>
</testsuites>
